=== fe2s2_10e10o_FCIDUMP_local_seniority_NC_fci: attempt 1 (maxiter=100, x0=zeros) ===
[fe2s2_10e10o_FCIDUMP_local_seniority_NC_fci] [workflow] reference=fci  (wavefunction / energy used as truth)
[fe2s2_10e10o_FCIDUMP_local_seniority_NC_fci] [workflow] cost_engine=statevector  (from --reference)
[fe2s2_10e10o_FCIDUMP_local_seniority_NC_fci] [workflow] cost_function=NC
[fe2s2_10e10o_FCIDUMP_local_seniority_NC_fci] [workflow] orbital_rotation=full
[fe2s2_10e10o_FCIDUMP_local_seniority_NC_fci] orbital_rotation=full: N_free=45, N_sym=45
[fe2s2_10e10o_FCIDUMP_local_seniority_NC_fci] before optimization: 0.177365
[fe2s2_10e10o_FCIDUMP_local_seniority_NC_fci] optimize_fcidump: input_path=/workspace/hamiltonians/Fe2S2/fe2s2_10e10o_FCIDUMP, output_path=/workspace/hamiltonians/Fe2S2/seniority_oo/fe2s2_10e10o_FCIDUMP_local_seniority_NC_fci_attempt1_rotated_FCIDUMP, symmetry_op=<class 'list'>, reference_fn=<lambda>, cost=NC, method=L-BFGS-B, maxiter=100
[fe2s2_10e10o_FCIDUMP_local_seniority_NC_fci] NC before: 1.773654e-01
[fe2s2_10e10o_FCIDUMP_local_seniority_NC_fci] Fri, 24 Jul 2026 05:22:16 0.177175
[fe2s2_10e10o_FCIDUMP_local_seniority_NC_fci] Fri, 24 Jul 2026 05:23:17 0.177150
[fe2s2_10e10o_FCIDUMP_local_seniority_NC_fci] Fri, 24 Jul 2026 05:24:19 0.176995
[fe2s2_10e10o_FCIDUMP_local_seniority_NC_fci] Fri, 24 Jul 2026 05:25:21 0.176700
[fe2s2_10e10o_FCIDUMP_local_seniority_NC_fci] Fri, 24 Jul 2026 05:26:23 0.175848
[fe2s2_10e10o_FCIDUMP_local_seniority_NC_fci] Fri, 24 Jul 2026 05:27:24 0.174208
[fe2s2_10e10o_FCIDUMP_local_seniority_NC_fci] Fri, 24 Jul 2026 05:28:26 0.172187
[fe2s2_10e10o_FCIDUMP_local_seniority_NC_fci] Fri, 24 Jul 2026 05:30:29 0.172114
[fe2s2_10e10o_FCIDUMP_local_seniority_NC_fci] Fri, 24 Jul 2026 05:31:31 0.170369
[fe2s2_10e10o_FCIDUMP_local_seniority_NC_fci] Fri, 24 Jul 2026 05:32:32 0.169756
[fe2s2_10e10o_FCIDUMP_local_seniority_NC_fci] Fri, 24 Jul 2026 05:33:33 0.169730
[fe2s2_10e10o_FCIDUMP_local_seniority_NC_fci] Fri, 24 Jul 2026 05:34:35 0.169702
[fe2s2_10e10o_FCIDUMP_local_seniority_NC_fci] Fri, 24 Jul 2026 05:35:36 0.169615
[fe2s2_10e10o_FCIDUMP_local_seniority_NC_fci] Fri, 24 Jul 2026 05:36:37 0.169382
[fe2s2_10e10o_FCIDUMP_local_seniority_NC_fci] Fri, 24 Jul 2026 05:37:39 0.168756
[fe2s2_10e10o_FCIDUMP_local_seniority_NC_fci] Fri, 24 Jul 2026 05:38:40 0.167523
[fe2s2_10e10o_FCIDUMP_local_seniority_NC_fci] Fri, 24 Jul 2026 05:39:42 0.166612
[fe2s2_10e10o_FCIDUMP_local_seniority_NC_fci] Fri, 24 Jul 2026 05:40:43 0.165571
[fe2s2_10e10o_FCIDUMP_local_seniority_NC_fci] Fri, 24 Jul 2026 05:41:45 0.165128
[fe2s2_10e10o_FCIDUMP_local_seniority_NC_fci] Fri, 24 Jul 2026 05:42:46 0.165111
[fe2s2_10e10o_FCIDUMP_local_seniority_NC_fci] Fri, 24 Jul 2026 05:43:48 0.165097
[fe2s2_10e10o_FCIDUMP_local_seniority_NC_fci] Fri, 24 Jul 2026 05:44:49 0.165086
[fe2s2_10e10o_FCIDUMP_local_seniority_NC_fci] Fri, 24 Jul 2026 05:45:51 0.165065
[fe2s2_10e10o_FCIDUMP_local_seniority_NC_fci] Fri, 24 Jul 2026 05:46:52 0.164956
[fe2s2_10e10o_FCIDUMP_local_seniority_NC_fci] Fri, 24 Jul 2026 05:47:53 0.164800
[fe2s2_10e10o_FCIDUMP_local_seniority_NC_fci] Fri, 24 Jul 2026 05:48:55 0.164631
[fe2s2_10e10o_FCIDUMP_local_seniority_NC_fci] Fri, 24 Jul 2026 05:50:58 0.164564
[fe2s2_10e10o_FCIDUMP_local_seniority_NC_fci] Fri, 24 Jul 2026 05:52:00 0.164526
[fe2s2_10e10o_FCIDUMP_local_seniority_NC_fci] Fri, 24 Jul 2026 05:53:01 0.164523
[fe2s2_10e10o_FCIDUMP_local_seniority_NC_fci] Fri, 24 Jul 2026 05:54:03 0.164522
[fe2s2_10e10o_FCIDUMP_local_seniority_NC_fci] Fri, 24 Jul 2026 05:55:05 0.164515
[fe2s2_10e10o_FCIDUMP_local_seniority_NC_fci] Fri, 24 Jul 2026 05:56:07 0.164499
[fe2s2_10e10o_FCIDUMP_local_seniority_NC_fci] Fri, 24 Jul 2026 05:57:08 0.164465
[fe2s2_10e10o_FCIDUMP_local_seniority_NC_fci] Fri, 24 Jul 2026 05:58:10 0.164413
[fe2s2_10e10o_FCIDUMP_local_seniority_NC_fci] Fri, 24 Jul 2026 06:00:12 0.164399
[fe2s2_10e10o_FCIDUMP_local_seniority_NC_fci] Fri, 24 Jul 2026 06:01:14 0.164361
[fe2s2_10e10o_FCIDUMP_local_seniority_NC_fci] Fri, 24 Jul 2026 06:02:15 0.164347
[fe2s2_10e10o_FCIDUMP_local_seniority_NC_fci] Fri, 24 Jul 2026 06:03:17 0.164343
[fe2s2_10e10o_FCIDUMP_local_seniority_NC_fci] Fri, 24 Jul 2026 06:04:18 0.164341
[fe2s2_10e10o_FCIDUMP_local_seniority_NC_fci] Fri, 24 Jul 2026 06:05:20 0.164329
[fe2s2_10e10o_FCIDUMP_local_seniority_NC_fci] Fri, 24 Jul 2026 06:06:21 0.164304
[fe2s2_10e10o_FCIDUMP_local_seniority_NC_fci] Fri, 24 Jul 2026 06:07:23 0.164233
[fe2s2_10e10o_FCIDUMP_local_seniority_NC_fci] Fri, 24 Jul 2026 06:08:24 0.164081
[fe2s2_10e10o_FCIDUMP_local_seniority_NC_fci] Fri, 24 Jul 2026 06:09:26 0.163910
[fe2s2_10e10o_FCIDUMP_local_seniority_NC_fci] Fri, 24 Jul 2026 06:11:29 0.163863
[fe2s2_10e10o_FCIDUMP_local_seniority_NC_fci] Fri, 24 Jul 2026 06:12:31 0.163715
[fe2s2_10e10o_FCIDUMP_local_seniority_NC_fci] Fri, 24 Jul 2026 06:13:32 0.163630
[fe2s2_10e10o_FCIDUMP_local_seniority_NC_fci] Fri, 24 Jul 2026 06:14:34 0.163603
[fe2s2_10e10o_FCIDUMP_local_seniority_NC_fci] Fri, 24 Jul 2026 06:15:35 0.163505
[fe2s2_10e10o_FCIDUMP_local_seniority_NC_fci] Fri, 24 Jul 2026 06:16:37 0.163387
[fe2s2_10e10o_FCIDUMP_local_seniority_NC_fci] Fri, 24 Jul 2026 06:17:38 0.163191
[fe2s2_10e10o_FCIDUMP_local_seniority_NC_fci] Fri, 24 Jul 2026 06:18:40 0.162824
[fe2s2_10e10o_FCIDUMP_local_seniority_NC_fci] Fri, 24 Jul 2026 06:19:41 0.162361
[fe2s2_10e10o_FCIDUMP_local_seniority_NC_fci] Fri, 24 Jul 2026 06:20:44 0.162113
[fe2s2_10e10o_FCIDUMP_local_seniority_NC_fci] Fri, 24 Jul 2026 06:21:45 0.161670
[fe2s2_10e10o_FCIDUMP_local_seniority_NC_fci] Fri, 24 Jul 2026 06:22:47 0.161441
[fe2s2_10e10o_FCIDUMP_local_seniority_NC_fci] Fri, 24 Jul 2026 06:23:48 0.161211
[fe2s2_10e10o_FCIDUMP_local_seniority_NC_fci] Fri, 24 Jul 2026 06:24:51 0.160961
[fe2s2_10e10o_FCIDUMP_local_seniority_NC_fci] Fri, 24 Jul 2026 06:25:52 0.160842
[fe2s2_10e10o_FCIDUMP_local_seniority_NC_fci] Fri, 24 Jul 2026 06:26:54 0.160751
[fe2s2_10e10o_FCIDUMP_local_seniority_NC_fci] Fri, 24 Jul 2026 06:27:55 0.160741
[fe2s2_10e10o_FCIDUMP_local_seniority_NC_fci] Fri, 24 Jul 2026 06:28:56 0.160740
[fe2s2_10e10o_FCIDUMP_local_seniority_NC_fci] Fri, 24 Jul 2026 06:29:58 0.160739
[fe2s2_10e10o_FCIDUMP_local_seniority_NC_fci] Fri, 24 Jul 2026 06:30:59 0.160737
[fe2s2_10e10o_FCIDUMP_local_seniority_NC_fci] Fri, 24 Jul 2026 06:32:00 0.160733
[fe2s2_10e10o_FCIDUMP_local_seniority_NC_fci] Fri, 24 Jul 2026 06:33:02 0.160728
[fe2s2_10e10o_FCIDUMP_local_seniority_NC_fci] Fri, 24 Jul 2026 06:34:03 0.160724
[fe2s2_10e10o_FCIDUMP_local_seniority_NC_fci] Fri, 24 Jul 2026 06:35:05 0.160714
[fe2s2_10e10o_FCIDUMP_local_seniority_NC_fci] Fri, 24 Jul 2026 06:36:06 0.160702
[fe2s2_10e10o_FCIDUMP_local_seniority_NC_fci] Fri, 24 Jul 2026 06:37:08 0.160691
[fe2s2_10e10o_FCIDUMP_local_seniority_NC_fci] Fri, 24 Jul 2026 06:38:09 0.160686
[fe2s2_10e10o_FCIDUMP_local_seniority_NC_fci] Fri, 24 Jul 2026 06:39:11 0.160685
[fe2s2_10e10o_FCIDUMP_local_seniority_NC_fci] Fri, 24 Jul 2026 06:40:12 0.160683
[fe2s2_10e10o_FCIDUMP_local_seniority_NC_fci] Fri, 24 Jul 2026 06:41:14 0.160679
[fe2s2_10e10o_FCIDUMP_local_seniority_NC_fci] Fri, 24 Jul 2026 06:42:16 0.160672
[fe2s2_10e10o_FCIDUMP_local_seniority_NC_fci] Fri, 24 Jul 2026 06:43:17 0.160668
[fe2s2_10e10o_FCIDUMP_local_seniority_NC_fci] Fri, 24 Jul 2026 06:44:19 0.160664
[fe2s2_10e10o_FCIDUMP_local_seniority_NC_fci] Fri, 24 Jul 2026 06:45:20 0.160663
[fe2s2_10e10o_FCIDUMP_local_seniority_NC_fci] Fri, 24 Jul 2026 06:46:22 0.160662
[fe2s2_10e10o_FCIDUMP_local_seniority_NC_fci] Fri, 24 Jul 2026 06:47:23 0.160658
[fe2s2_10e10o_FCIDUMP_local_seniority_NC_fci] Fri, 24 Jul 2026 06:48:25 0.160655
[fe2s2_10e10o_FCIDUMP_local_seniority_NC_fci] Fri, 24 Jul 2026 06:49:27 0.160651
[fe2s2_10e10o_FCIDUMP_local_seniority_NC_fci] Fri, 24 Jul 2026 06:50:29 0.160649
[fe2s2_10e10o_FCIDUMP_local_seniority_NC_fci] Fri, 24 Jul 2026 06:51:30 0.160648
[fe2s2_10e10o_FCIDUMP_local_seniority_NC_fci] Fri, 24 Jul 2026 06:52:32 0.160648
[fe2s2_10e10o_FCIDUMP_local_seniority_NC_fci] Fri, 24 Jul 2026 06:53:33 0.160647
[fe2s2_10e10o_FCIDUMP_local_seniority_NC_fci] Fri, 24 Jul 2026 06:54:35 0.160645
[fe2s2_10e10o_FCIDUMP_local_seniority_NC_fci] Fri, 24 Jul 2026 06:55:37 0.160642
[fe2s2_10e10o_FCIDUMP_local_seniority_NC_fci] Fri, 24 Jul 2026 06:56:39 0.160639
[fe2s2_10e10o_FCIDUMP_local_seniority_NC_fci] Fri, 24 Jul 2026 06:57:40 0.160634
[fe2s2_10e10o_FCIDUMP_local_seniority_NC_fci] Fri, 24 Jul 2026 06:58:41 0.160633
[fe2s2_10e10o_FCIDUMP_local_seniority_NC_fci] Fri, 24 Jul 2026 06:59:43 0.160633
[fe2s2_10e10o_FCIDUMP_local_seniority_NC_fci] Fri, 24 Jul 2026 07:00:45 0.160633
[fe2s2_10e10o_FCIDUMP_local_seniority_NC_fci] Fri, 24 Jul 2026 07:01:46 0.160633
[fe2s2_10e10o_FCIDUMP_local_seniority_NC_fci] Fri, 24 Jul 2026 07:02:47 0.160632
[fe2s2_10e10o_FCIDUMP_local_seniority_NC_fci] Fri, 24 Jul 2026 07:03:49 0.160631
[fe2s2_10e10o_FCIDUMP_local_seniority_NC_fci] Fri, 24 Jul 2026 07:04:50 0.160630
[fe2s2_10e10o_FCIDUMP_local_seniority_NC_fci] Fri, 24 Jul 2026 07:06:53 0.160630
[fe2s2_10e10o_FCIDUMP_local_seniority_NC_fci] Fri, 24 Jul 2026 07:07:55 0.160629
[fe2s2_10e10o_FCIDUMP_local_seniority_NC_fci] Fri, 24 Jul 2026 07:08:56 0.160629
[fe2s2_10e10o_FCIDUMP_local_seniority_NC_fci] NC after:  1.606287e-01  (STOP: TOTAL NO. OF ITERATIONS REACHED LIMIT)
[fe2s2_10e10o_FCIDUMP_local_seniority_NC_fci] STOP: TOTAL NO. OF ITERATIONS REACHED LIMIT
[fe2s2_10e10o_FCIDUMP_local_seniority_NC_fci] optimized: 0.160629
[fe2s2_10e10o_FCIDUMP_local_seniority_NC_fci] cost_before=1.773654e-01  cost_after=1.606287e-01  nit=100  converged=False  message='STOP: TOTAL NO. OF ITERATIONS REACHED LIMIT'
=== fe2s2_10e10o_FCIDUMP_local_seniority_NC_fci: attempt 2 (maxiter=100, x0=/workspace/hamiltonians/Fe2S2/seniority_oo/fe2s2_10e10o_FCIDUMP_local_seniority_NC_fci_attempt1_x_opt.txt) ===
[fe2s2_10e10o_FCIDUMP_local_seniority_NC_fci] [workflow] reference=fci  (wavefunction / energy used as truth)
[fe2s2_10e10o_FCIDUMP_local_seniority_NC_fci] [workflow] cost_engine=statevector  (from --reference)
[fe2s2_10e10o_FCIDUMP_local_seniority_NC_fci] [workflow] cost_function=NC
[fe2s2_10e10o_FCIDUMP_local_seniority_NC_fci] [workflow] orbital_rotation=full
[fe2s2_10e10o_FCIDUMP_local_seniority_NC_fci] orbital_rotation=full: N_free=45, N_sym=45
[fe2s2_10e10o_FCIDUMP_local_seniority_NC_fci] before optimization: 0.160629
[fe2s2_10e10o_FCIDUMP_local_seniority_NC_fci] optimize_fcidump: input_path=/workspace/hamiltonians/Fe2S2/fe2s2_10e10o_FCIDUMP, output_path=/workspace/hamiltonians/Fe2S2/seniority_oo/fe2s2_10e10o_FCIDUMP_local_seniority_NC_fci_attempt2_rotated_FCIDUMP, symmetry_op=<class 'list'>, reference_fn=<lambda>, cost=NC, method=L-BFGS-B, maxiter=100
[fe2s2_10e10o_FCIDUMP_local_seniority_NC_fci] NC before: 1.606287e-01
[fe2s2_10e10o_FCIDUMP_local_seniority_NC_fci] Fri, 24 Jul 2026 07:12:16 0.160629
[fe2s2_10e10o_FCIDUMP_local_seniority_NC_fci] Fri, 24 Jul 2026 07:14:20 0.160629
[fe2s2_10e10o_FCIDUMP_local_seniority_NC_fci] Fri, 24 Jul 2026 07:15:21 0.160627
[fe2s2_10e10o_FCIDUMP_local_seniority_NC_fci] Fri, 24 Jul 2026 07:16:23 0.160626
[fe2s2_10e10o_FCIDUMP_local_seniority_NC_fci] Fri, 24 Jul 2026 07:17:24 0.160623
[fe2s2_10e10o_FCIDUMP_local_seniority_NC_fci] Fri, 24 Jul 2026 07:19:28 0.160622
[fe2s2_10e10o_FCIDUMP_local_seniority_NC_fci] Fri, 24 Jul 2026 07:20:29 0.160622
[fe2s2_10e10o_FCIDUMP_local_seniority_NC_fci] Fri, 24 Jul 2026 07:21:32 0.160621
[fe2s2_10e10o_FCIDUMP_local_seniority_NC_fci] Fri, 24 Jul 2026 07:23:34 0.160621
[fe2s2_10e10o_FCIDUMP_local_seniority_NC_fci] Fri, 24 Jul 2026 07:24:36 0.160621
[fe2s2_10e10o_FCIDUMP_local_seniority_NC_fci] Fri, 24 Jul 2026 07:25:38 0.160620
[fe2s2_10e10o_FCIDUMP_local_seniority_NC_fci] Fri, 24 Jul 2026 07:26:40 0.160618
[fe2s2_10e10o_FCIDUMP_local_seniority_NC_fci] Fri, 24 Jul 2026 07:27:41 0.160615
[fe2s2_10e10o_FCIDUMP_local_seniority_NC_fci] Fri, 24 Jul 2026 07:29:44 0.160614
[fe2s2_10e10o_FCIDUMP_local_seniority_NC_fci] Fri, 24 Jul 2026 07:30:46 0.160612
[fe2s2_10e10o_FCIDUMP_local_seniority_NC_fci] Fri, 24 Jul 2026 07:31:47 0.160612
[fe2s2_10e10o_FCIDUMP_local_seniority_NC_fci] Fri, 24 Jul 2026 07:32:49 0.160612
[fe2s2_10e10o_FCIDUMP_local_seniority_NC_fci] Fri, 24 Jul 2026 07:33:50 0.160612
[fe2s2_10e10o_FCIDUMP_local_seniority_NC_fci] Fri, 24 Jul 2026 07:34:52 0.160611
[fe2s2_10e10o_FCIDUMP_local_seniority_NC_fci] Fri, 24 Jul 2026 07:35:53 0.160611
[fe2s2_10e10o_FCIDUMP_local_seniority_NC_fci] Fri, 24 Jul 2026 07:36:55 0.160610
[fe2s2_10e10o_FCIDUMP_local_seniority_NC_fci] Fri, 24 Jul 2026 07:37:56 0.160608
[fe2s2_10e10o_FCIDUMP_local_seniority_NC_fci] Fri, 24 Jul 2026 07:38:58 0.160606
[fe2s2_10e10o_FCIDUMP_local_seniority_NC_fci] Fri, 24 Jul 2026 07:39:59 0.160604
[fe2s2_10e10o_FCIDUMP_local_seniority_NC_fci] Fri, 24 Jul 2026 07:41:01 0.160603
[fe2s2_10e10o_FCIDUMP_local_seniority_NC_fci] Fri, 24 Jul 2026 07:42:03 0.160603
[fe2s2_10e10o_FCIDUMP_local_seniority_NC_fci] Fri, 24 Jul 2026 07:43:04 0.160603
[fe2s2_10e10o_FCIDUMP_local_seniority_NC_fci] Fri, 24 Jul 2026 07:44:06 0.160603
[fe2s2_10e10o_FCIDUMP_local_seniority_NC_fci] Fri, 24 Jul 2026 07:45:07 0.160602
[fe2s2_10e10o_FCIDUMP_local_seniority_NC_fci] Fri, 24 Jul 2026 07:46:09 0.160601
[fe2s2_10e10o_FCIDUMP_local_seniority_NC_fci] Fri, 24 Jul 2026 07:47:10 0.160599
[fe2s2_10e10o_FCIDUMP_local_seniority_NC_fci] Fri, 24 Jul 2026 07:48:11 0.160594
[fe2s2_10e10o_FCIDUMP_local_seniority_NC_fci] Fri, 24 Jul 2026 07:49:14 0.160587
[fe2s2_10e10o_FCIDUMP_local_seniority_NC_fci] Fri, 24 Jul 2026 07:50:16 0.160579
[fe2s2_10e10o_FCIDUMP_local_seniority_NC_fci] Fri, 24 Jul 2026 07:52:19 0.160576
[fe2s2_10e10o_FCIDUMP_local_seniority_NC_fci] Fri, 24 Jul 2026 07:53:20 0.160572
[fe2s2_10e10o_FCIDUMP_local_seniority_NC_fci] Fri, 24 Jul 2026 07:54:22 0.160571
[fe2s2_10e10o_FCIDUMP_local_seniority_NC_fci] Fri, 24 Jul 2026 07:55:24 0.160571
[fe2s2_10e10o_FCIDUMP_local_seniority_NC_fci] Fri, 24 Jul 2026 07:56:26 0.160570
[fe2s2_10e10o_FCIDUMP_local_seniority_NC_fci] Fri, 24 Jul 2026 07:57:27 0.160569
[fe2s2_10e10o_FCIDUMP_local_seniority_NC_fci] Fri, 24 Jul 2026 07:58:29 0.160568
[fe2s2_10e10o_FCIDUMP_local_seniority_NC_fci] Fri, 24 Jul 2026 07:59:30 0.160566
[fe2s2_10e10o_FCIDUMP_local_seniority_NC_fci] Fri, 24 Jul 2026 08:00:32 0.160562
[fe2s2_10e10o_FCIDUMP_local_seniority_NC_fci] Fri, 24 Jul 2026 08:01:34 0.160550
[fe2s2_10e10o_FCIDUMP_local_seniority_NC_fci] Fri, 24 Jul 2026 08:02:35 0.160531
[fe2s2_10e10o_FCIDUMP_local_seniority_NC_fci] Fri, 24 Jul 2026 08:03:37 0.160509
[fe2s2_10e10o_FCIDUMP_local_seniority_NC_fci] Fri, 24 Jul 2026 08:05:39 0.160501
[fe2s2_10e10o_FCIDUMP_local_seniority_NC_fci] Fri, 24 Jul 2026 08:06:41 0.160489
[fe2s2_10e10o_FCIDUMP_local_seniority_NC_fci] Fri, 24 Jul 2026 08:07:43 0.160486
[fe2s2_10e10o_FCIDUMP_local_seniority_NC_fci] Fri, 24 Jul 2026 08:08:44 0.160485
[fe2s2_10e10o_FCIDUMP_local_seniority_NC_fci] Fri, 24 Jul 2026 08:09:45 0.160484
[fe2s2_10e10o_FCIDUMP_local_seniority_NC_fci] Fri, 24 Jul 2026 08:10:47 0.160482
[fe2s2_10e10o_FCIDUMP_local_seniority_NC_fci] Fri, 24 Jul 2026 08:11:49 0.160480
[fe2s2_10e10o_FCIDUMP_local_seniority_NC_fci] Fri, 24 Jul 2026 08:12:50 0.160477
[fe2s2_10e10o_FCIDUMP_local_seniority_NC_fci] Fri, 24 Jul 2026 08:13:52 0.160471
[fe2s2_10e10o_FCIDUMP_local_seniority_NC_fci] Fri, 24 Jul 2026 08:14:53 0.160463
[fe2s2_10e10o_FCIDUMP_local_seniority_NC_fci] Fri, 24 Jul 2026 08:15:55 0.160456
[fe2s2_10e10o_FCIDUMP_local_seniority_NC_fci] Fri, 24 Jul 2026 08:16:56 0.160439
[fe2s2_10e10o_FCIDUMP_local_seniority_NC_fci] Fri, 24 Jul 2026 08:17:58 0.160412
[fe2s2_10e10o_FCIDUMP_local_seniority_NC_fci] Fri, 24 Jul 2026 08:18:59 0.160375
[fe2s2_10e10o_FCIDUMP_local_seniority_NC_fci] Fri, 24 Jul 2026 08:20:01 0.160350
[fe2s2_10e10o_FCIDUMP_local_seniority_NC_fci] Fri, 24 Jul 2026 08:21:03 0.160345
[fe2s2_10e10o_FCIDUMP_local_seniority_NC_fci] Fri, 24 Jul 2026 08:22:05 0.160344
[fe2s2_10e10o_FCIDUMP_local_seniority_NC_fci] Fri, 24 Jul 2026 08:23:06 0.160343
[fe2s2_10e10o_FCIDUMP_local_seniority_NC_fci] Fri, 24 Jul 2026 08:24:08 0.160339
[fe2s2_10e10o_FCIDUMP_local_seniority_NC_fci] Fri, 24 Jul 2026 08:25:10 0.160332
[fe2s2_10e10o_FCIDUMP_local_seniority_NC_fci] Fri, 24 Jul 2026 08:26:11 0.160316
[fe2s2_10e10o_FCIDUMP_local_seniority_NC_fci] Fri, 24 Jul 2026 08:27:13 0.160298
[fe2s2_10e10o_FCIDUMP_local_seniority_NC_fci] Fri, 24 Jul 2026 08:28:15 0.160272
[fe2s2_10e10o_FCIDUMP_local_seniority_NC_fci] Fri, 24 Jul 2026 08:29:17 0.160253
[fe2s2_10e10o_FCIDUMP_local_seniority_NC_fci] Fri, 24 Jul 2026 08:30:18 0.160245
[fe2s2_10e10o_FCIDUMP_local_seniority_NC_fci] Fri, 24 Jul 2026 08:31:22 0.160241
[fe2s2_10e10o_FCIDUMP_local_seniority_NC_fci] Fri, 24 Jul 2026 08:32:26 0.160232
[fe2s2_10e10o_FCIDUMP_local_seniority_NC_fci] Fri, 24 Jul 2026 08:33:30 0.160225
[fe2s2_10e10o_FCIDUMP_local_seniority_NC_fci] Fri, 24 Jul 2026 08:34:34 0.160221
[fe2s2_10e10o_FCIDUMP_local_seniority_NC_fci] Fri, 24 Jul 2026 08:35:39 0.160220
[fe2s2_10e10o_FCIDUMP_local_seniority_NC_fci] Fri, 24 Jul 2026 08:36:53 0.160220
[fe2s2_10e10o_FCIDUMP_local_seniority_NC_fci] Fri, 24 Jul 2026 08:38:00 0.160219
[fe2s2_10e10o_FCIDUMP_local_seniority_NC_fci] Fri, 24 Jul 2026 08:39:03 0.160217
[fe2s2_10e10o_FCIDUMP_local_seniority_NC_fci] Fri, 24 Jul 2026 08:40:04 0.160213
[fe2s2_10e10o_FCIDUMP_local_seniority_NC_fci] Fri, 24 Jul 2026 08:41:06 0.160209
[fe2s2_10e10o_FCIDUMP_local_seniority_NC_fci] Fri, 24 Jul 2026 08:42:08 0.160205
[fe2s2_10e10o_FCIDUMP_local_seniority_NC_fci] Fri, 24 Jul 2026 08:43:09 0.160201
[fe2s2_10e10o_FCIDUMP_local_seniority_NC_fci] Fri, 24 Jul 2026 08:44:10 0.160200
[fe2s2_10e10o_FCIDUMP_local_seniority_NC_fci] Fri, 24 Jul 2026 08:45:12 0.160198
[fe2s2_10e10o_FCIDUMP_local_seniority_NC_fci] Fri, 24 Jul 2026 08:46:13 0.160197
[fe2s2_10e10o_FCIDUMP_local_seniority_NC_fci] Fri, 24 Jul 2026 08:47:14 0.160195
[fe2s2_10e10o_FCIDUMP_local_seniority_NC_fci] Fri, 24 Jul 2026 08:48:16 0.160195
[fe2s2_10e10o_FCIDUMP_local_seniority_NC_fci] Fri, 24 Jul 2026 08:49:17 0.160193
[fe2s2_10e10o_FCIDUMP_local_seniority_NC_fci] Fri, 24 Jul 2026 08:50:20 0.160192
[fe2s2_10e10o_FCIDUMP_local_seniority_NC_fci] Fri, 24 Jul 2026 08:51:21 0.160189
[fe2s2_10e10o_FCIDUMP_local_seniority_NC_fci] Fri, 24 Jul 2026 08:52:22 0.160183
[fe2s2_10e10o_FCIDUMP_local_seniority_NC_fci] Fri, 24 Jul 2026 08:53:24 0.160179
[fe2s2_10e10o_FCIDUMP_local_seniority_NC_fci] Fri, 24 Jul 2026 08:54:25 0.160166
[fe2s2_10e10o_FCIDUMP_local_seniority_NC_fci] Fri, 24 Jul 2026 08:55:28 0.160160
[fe2s2_10e10o_FCIDUMP_local_seniority_NC_fci] Fri, 24 Jul 2026 08:56:29 0.160157
[fe2s2_10e10o_FCIDUMP_local_seniority_NC_fci] Fri, 24 Jul 2026 08:58:32 0.160156
[fe2s2_10e10o_FCIDUMP_local_seniority_NC_fci] Fri, 24 Jul 2026 08:59:34 0.160154
[fe2s2_10e10o_FCIDUMP_local_seniority_NC_fci] Fri, 24 Jul 2026 09:00:35 0.160150
[fe2s2_10e10o_FCIDUMP_local_seniority_NC_fci] Fri, 24 Jul 2026 09:01:37 0.160143
[fe2s2_10e10o_FCIDUMP_local_seniority_NC_fci] NC after:  1.601430e-01  (STOP: TOTAL NO. OF ITERATIONS REACHED LIMIT)
[fe2s2_10e10o_FCIDUMP_local_seniority_NC_fci] STOP: TOTAL NO. OF ITERATIONS REACHED LIMIT
[fe2s2_10e10o_FCIDUMP_local_seniority_NC_fci] optimized: 0.160143
[fe2s2_10e10o_FCIDUMP_local_seniority_NC_fci] cost_before=1.606287e-01  cost_after=1.601430e-01  nit=100  converged=False  message='STOP: TOTAL NO. OF ITERATIONS REACHED LIMIT'
=== fe2s2_10e10o_FCIDUMP_local_seniority_NC_fci: attempt 3 (maxiter=100, x0=/workspace/hamiltonians/Fe2S2/seniority_oo/fe2s2_10e10o_FCIDUMP_local_seniority_NC_fci_attempt2_x_opt.txt) ===
[fe2s2_10e10o_FCIDUMP_local_seniority_NC_fci] [workflow] reference=fci  (wavefunction / energy used as truth)
[fe2s2_10e10o_FCIDUMP_local_seniority_NC_fci] [workflow] cost_engine=statevector  (from --reference)
[fe2s2_10e10o_FCIDUMP_local_seniority_NC_fci] [workflow] cost_function=NC
[fe2s2_10e10o_FCIDUMP_local_seniority_NC_fci] [workflow] orbital_rotation=full
[fe2s2_10e10o_FCIDUMP_local_seniority_NC_fci] orbital_rotation=full: N_free=45, N_sym=45
[fe2s2_10e10o_FCIDUMP_local_seniority_NC_fci] before optimization: 0.160143
[fe2s2_10e10o_FCIDUMP_local_seniority_NC_fci] optimize_fcidump: input_path=/workspace/hamiltonians/Fe2S2/fe2s2_10e10o_FCIDUMP, output_path=/workspace/hamiltonians/Fe2S2/seniority_oo/fe2s2_10e10o_FCIDUMP_local_seniority_NC_fci_attempt3_rotated_FCIDUMP, symmetry_op=<class 'list'>, reference_fn=<lambda>, cost=NC, method=L-BFGS-B, maxiter=100
[fe2s2_10e10o_FCIDUMP_local_seniority_NC_fci] NC before: 1.601430e-01
[fe2s2_10e10o_FCIDUMP_local_seniority_NC_fci] Fri, 24 Jul 2026 09:04:57 0.160141
[fe2s2_10e10o_FCIDUMP_local_seniority_NC_fci] Fri, 24 Jul 2026 09:05:58 0.160140
[fe2s2_10e10o_FCIDUMP_local_seniority_NC_fci] Fri, 24 Jul 2026 09:07:00 0.160140
[fe2s2_10e10o_FCIDUMP_local_seniority_NC_fci] Fri, 24 Jul 2026 09:08:01 0.160140
[fe2s2_10e10o_FCIDUMP_local_seniority_NC_fci] Fri, 24 Jul 2026 09:09:03 0.160139
[fe2s2_10e10o_FCIDUMP_local_seniority_NC_fci] Fri, 24 Jul 2026 09:10:05 0.160137
[fe2s2_10e10o_FCIDUMP_local_seniority_NC_fci] Fri, 24 Jul 2026 09:11:10 0.160133
[fe2s2_10e10o_FCIDUMP_local_seniority_NC_fci] Fri, 24 Jul 2026 09:12:14 0.160126
[fe2s2_10e10o_FCIDUMP_local_seniority_NC_fci] Fri, 24 Jul 2026 09:13:16 0.160117
[fe2s2_10e10o_FCIDUMP_local_seniority_NC_fci] Fri, 24 Jul 2026 09:14:17 0.160114
[fe2s2_10e10o_FCIDUMP_local_seniority_NC_fci] Fri, 24 Jul 2026 09:15:19 0.160111
[fe2s2_10e10o_FCIDUMP_local_seniority_NC_fci] Fri, 24 Jul 2026 09:16:20 0.160111
[fe2s2_10e10o_FCIDUMP_local_seniority_NC_fci] Fri, 24 Jul 2026 09:17:22 0.160110
[fe2s2_10e10o_FCIDUMP_local_seniority_NC_fci] Fri, 24 Jul 2026 09:18:23 0.160108
[fe2s2_10e10o_FCIDUMP_local_seniority_NC_fci] Fri, 24 Jul 2026 09:19:25 0.160102
[fe2s2_10e10o_FCIDUMP_local_seniority_NC_fci] Fri, 24 Jul 2026 09:20:27 0.160088
[fe2s2_10e10o_FCIDUMP_local_seniority_NC_fci] Fri, 24 Jul 2026 09:21:33 0.160064
[fe2s2_10e10o_FCIDUMP_local_seniority_NC_fci] Fri, 24 Jul 2026 09:22:34 0.160055
[fe2s2_10e10o_FCIDUMP_local_seniority_NC_fci] Fri, 24 Jul 2026 09:23:36 0.160034
[fe2s2_10e10o_FCIDUMP_local_seniority_NC_fci] Fri, 24 Jul 2026 09:24:38 0.160031
[fe2s2_10e10o_FCIDUMP_local_seniority_NC_fci] Fri, 24 Jul 2026 09:25:40 0.160031
[fe2s2_10e10o_FCIDUMP_local_seniority_NC_fci] Fri, 24 Jul 2026 09:26:41 0.160031
[fe2s2_10e10o_FCIDUMP_local_seniority_NC_fci] Fri, 24 Jul 2026 09:27:43 0.160031
[fe2s2_10e10o_FCIDUMP_local_seniority_NC_fci] Fri, 24 Jul 2026 09:28:45 0.160029
[fe2s2_10e10o_FCIDUMP_local_seniority_NC_fci] Fri, 24 Jul 2026 09:29:46 0.160027
[fe2s2_10e10o_FCIDUMP_local_seniority_NC_fci] Fri, 24 Jul 2026 09:30:48 0.160022
[fe2s2_10e10o_FCIDUMP_local_seniority_NC_fci] Fri, 24 Jul 2026 09:31:50 0.160013
[fe2s2_10e10o_FCIDUMP_local_seniority_NC_fci] Fri, 24 Jul 2026 09:32:51 0.160012
[fe2s2_10e10o_FCIDUMP_local_seniority_NC_fci] Fri, 24 Jul 2026 09:33:53 0.160001
[fe2s2_10e10o_FCIDUMP_local_seniority_NC_fci] Fri, 24 Jul 2026 09:34:54 0.159999
[fe2s2_10e10o_FCIDUMP_local_seniority_NC_fci] Fri, 24 Jul 2026 09:35:56 0.159999
[fe2s2_10e10o_FCIDUMP_local_seniority_NC_fci] Fri, 24 Jul 2026 09:36:57 0.159999
[fe2s2_10e10o_FCIDUMP_local_seniority_NC_fci] Fri, 24 Jul 2026 09:37:59 0.159999
[fe2s2_10e10o_FCIDUMP_local_seniority_NC_fci] Fri, 24 Jul 2026 09:39:01 0.159999
[fe2s2_10e10o_FCIDUMP_local_seniority_NC_fci] Fri, 24 Jul 2026 09:40:02 0.159998
[fe2s2_10e10o_FCIDUMP_local_seniority_NC_fci] Fri, 24 Jul 2026 09:41:04 0.159998
[fe2s2_10e10o_FCIDUMP_local_seniority_NC_fci] Fri, 24 Jul 2026 09:42:06 0.159997
[fe2s2_10e10o_FCIDUMP_local_seniority_NC_fci] Fri, 24 Jul 2026 09:44:09 0.159996
[fe2s2_10e10o_FCIDUMP_local_seniority_NC_fci] Fri, 24 Jul 2026 09:45:10 0.159995
[fe2s2_10e10o_FCIDUMP_local_seniority_NC_fci] Fri, 24 Jul 2026 09:46:12 0.159994
[fe2s2_10e10o_FCIDUMP_local_seniority_NC_fci] Fri, 24 Jul 2026 09:47:14 0.159994
[fe2s2_10e10o_FCIDUMP_local_seniority_NC_fci] Fri, 24 Jul 2026 09:48:16 0.159993
[fe2s2_10e10o_FCIDUMP_local_seniority_NC_fci] Fri, 24 Jul 2026 09:49:18 0.159993
[fe2s2_10e10o_FCIDUMP_local_seniority_NC_fci] Fri, 24 Jul 2026 09:51:22 0.159992
[fe2s2_10e10o_FCIDUMP_local_seniority_NC_fci] Fri, 24 Jul 2026 09:52:24 0.159992
[fe2s2_10e10o_FCIDUMP_local_seniority_NC_fci] Fri, 24 Jul 2026 09:53:26 0.159991
[fe2s2_10e10o_FCIDUMP_local_seniority_NC_fci] Fri, 24 Jul 2026 09:54:28 0.159991
[fe2s2_10e10o_FCIDUMP_local_seniority_NC_fci] Fri, 24 Jul 2026 09:55:30 0.159991
[fe2s2_10e10o_FCIDUMP_local_seniority_NC_fci] Fri, 24 Jul 2026 09:56:32 0.159991
[fe2s2_10e10o_FCIDUMP_local_seniority_NC_fci] Fri, 24 Jul 2026 09:57:34 0.159991
[fe2s2_10e10o_FCIDUMP_local_seniority_NC_fci] Fri, 24 Jul 2026 09:58:35 0.159990
[fe2s2_10e10o_FCIDUMP_local_seniority_NC_fci] Fri, 24 Jul 2026 09:59:37 0.159989
[fe2s2_10e10o_FCIDUMP_local_seniority_NC_fci] Fri, 24 Jul 2026 10:00:39 0.159989
[fe2s2_10e10o_FCIDUMP_local_seniority_NC_fci] Fri, 24 Jul 2026 10:01:41 0.159988
[fe2s2_10e10o_FCIDUMP_local_seniority_NC_fci] Fri, 24 Jul 2026 10:02:42 0.159988
[fe2s2_10e10o_FCIDUMP_local_seniority_NC_fci] Fri, 24 Jul 2026 10:03:44 0.159988
[fe2s2_10e10o_FCIDUMP_local_seniority_NC_fci] Fri, 24 Jul 2026 10:04:46 0.159988
[fe2s2_10e10o_FCIDUMP_local_seniority_NC_fci] Fri, 24 Jul 2026 10:05:48 0.159988
[fe2s2_10e10o_FCIDUMP_local_seniority_NC_fci] Fri, 24 Jul 2026 10:07:51 0.159988
[fe2s2_10e10o_FCIDUMP_local_seniority_NC_fci] Fri, 24 Jul 2026 10:08:52 0.159988
[fe2s2_10e10o_FCIDUMP_local_seniority_NC_fci] Fri, 24 Jul 2026 10:09:54 0.159988
[fe2s2_10e10o_FCIDUMP_local_seniority_NC_fci] Fri, 24 Jul 2026 10:10:55 0.159988
[fe2s2_10e10o_FCIDUMP_local_seniority_NC_fci] Fri, 24 Jul 2026 10:11:57 0.159987
[fe2s2_10e10o_FCIDUMP_local_seniority_NC_fci] Fri, 24 Jul 2026 10:12:59 0.159987
[fe2s2_10e10o_FCIDUMP_local_seniority_NC_fci] Fri, 24 Jul 2026 10:14:00 0.159986
[fe2s2_10e10o_FCIDUMP_local_seniority_NC_fci] Fri, 24 Jul 2026 10:15:02 0.159986
[fe2s2_10e10o_FCIDUMP_local_seniority_NC_fci] Fri, 24 Jul 2026 10:16:03 0.159985
[fe2s2_10e10o_FCIDUMP_local_seniority_NC_fci] Fri, 24 Jul 2026 10:17:05 0.159985
[fe2s2_10e10o_FCIDUMP_local_seniority_NC_fci] Fri, 24 Jul 2026 10:18:07 0.159985
[fe2s2_10e10o_FCIDUMP_local_seniority_NC_fci] Fri, 24 Jul 2026 10:19:09 0.159985
[fe2s2_10e10o_FCIDUMP_local_seniority_NC_fci] Fri, 24 Jul 2026 10:20:11 0.159985
[fe2s2_10e10o_FCIDUMP_local_seniority_NC_fci] Fri, 24 Jul 2026 10:21:14 0.159985
[fe2s2_10e10o_FCIDUMP_local_seniority_NC_fci] Fri, 24 Jul 2026 10:22:15 0.159985
[fe2s2_10e10o_FCIDUMP_local_seniority_NC_fci] Fri, 24 Jul 2026 10:23:17 0.159984
[fe2s2_10e10o_FCIDUMP_local_seniority_NC_fci] Fri, 24 Jul 2026 10:24:19 0.159984
[fe2s2_10e10o_FCIDUMP_local_seniority_NC_fci] Fri, 24 Jul 2026 10:25:21 0.159984
[fe2s2_10e10o_FCIDUMP_local_seniority_NC_fci] Fri, 24 Jul 2026 10:26:22 0.159984
[fe2s2_10e10o_FCIDUMP_local_seniority_NC_fci] Fri, 24 Jul 2026 10:27:24 0.159984
[fe2s2_10e10o_FCIDUMP_local_seniority_NC_fci] Fri, 24 Jul 2026 10:28:26 0.159984
[fe2s2_10e10o_FCIDUMP_local_seniority_NC_fci] Fri, 24 Jul 2026 10:30:29 0.159983
[fe2s2_10e10o_FCIDUMP_local_seniority_NC_fci] Fri, 24 Jul 2026 10:31:31 0.159983
[fe2s2_10e10o_FCIDUMP_local_seniority_NC_fci] Fri, 24 Jul 2026 10:32:32 0.159983
[fe2s2_10e10o_FCIDUMP_local_seniority_NC_fci] Fri, 24 Jul 2026 10:33:34 0.159983
[fe2s2_10e10o_FCIDUMP_local_seniority_NC_fci] Fri, 24 Jul 2026 10:34:35 0.159983
[fe2s2_10e10o_FCIDUMP_local_seniority_NC_fci] Fri, 24 Jul 2026 10:35:37 0.159982
[fe2s2_10e10o_FCIDUMP_local_seniority_NC_fci] Fri, 24 Jul 2026 10:36:38 0.159982
[fe2s2_10e10o_FCIDUMP_local_seniority_NC_fci] Fri, 24 Jul 2026 10:37:40 0.159982
[fe2s2_10e10o_FCIDUMP_local_seniority_NC_fci] Fri, 24 Jul 2026 10:38:41 0.159982
[fe2s2_10e10o_FCIDUMP_local_seniority_NC_fci] Fri, 24 Jul 2026 10:39:43 0.159982
[fe2s2_10e10o_FCIDUMP_local_seniority_NC_fci] Fri, 24 Jul 2026 10:40:44 0.159982
[fe2s2_10e10o_FCIDUMP_local_seniority_NC_fci] Fri, 24 Jul 2026 10:41:46 0.159982
[fe2s2_10e10o_FCIDUMP_local_seniority_NC_fci] Fri, 24 Jul 2026 10:42:48 0.159981
[fe2s2_10e10o_FCIDUMP_local_seniority_NC_fci] Fri, 24 Jul 2026 10:43:49 0.159981
[fe2s2_10e10o_FCIDUMP_local_seniority_NC_fci] Fri, 24 Jul 2026 10:44:51 0.159981
[fe2s2_10e10o_FCIDUMP_local_seniority_NC_fci] Fri, 24 Jul 2026 10:45:53 0.159981
[fe2s2_10e10o_FCIDUMP_local_seniority_NC_fci] Fri, 24 Jul 2026 10:46:54 0.159981
[fe2s2_10e10o_FCIDUMP_local_seniority_NC_fci] Fri, 24 Jul 2026 10:47:56 0.159981
[fe2s2_10e10o_FCIDUMP_local_seniority_NC_fci] Fri, 24 Jul 2026 10:48:59 0.159981
[fe2s2_10e10o_FCIDUMP_local_seniority_NC_fci] Fri, 24 Jul 2026 10:50:01 0.159981
[fe2s2_10e10o_FCIDUMP_local_seniority_NC_fci] Fri, 24 Jul 2026 10:51:03 0.159980
[fe2s2_10e10o_FCIDUMP_local_seniority_NC_fci] NC after:  1.599804e-01  (STOP: TOTAL NO. OF ITERATIONS REACHED LIMIT)
[fe2s2_10e10o_FCIDUMP_local_seniority_NC_fci] STOP: TOTAL NO. OF ITERATIONS REACHED LIMIT
[fe2s2_10e10o_FCIDUMP_local_seniority_NC_fci] optimized: 0.159980
[fe2s2_10e10o_FCIDUMP_local_seniority_NC_fci] cost_before=1.601430e-01  cost_after=1.599804e-01  nit=100  converged=False  message='STOP: TOTAL NO. OF ITERATIONS REACHED LIMIT'
=== fe2s2_10e10o_FCIDUMP_local_seniority_NC_fci: attempt 4 (maxiter=100, x0=/workspace/hamiltonians/Fe2S2/seniority_oo/fe2s2_10e10o_FCIDUMP_local_seniority_NC_fci_attempt3_x_opt.txt) ===
[fe2s2_10e10o_FCIDUMP_local_seniority_NC_fci] [workflow] reference=fci  (wavefunction / energy used as truth)
[fe2s2_10e10o_FCIDUMP_local_seniority_NC_fci] [workflow] cost_engine=statevector  (from --reference)
[fe2s2_10e10o_FCIDUMP_local_seniority_NC_fci] [workflow] cost_function=NC
[fe2s2_10e10o_FCIDUMP_local_seniority_NC_fci] [workflow] orbital_rotation=full
[fe2s2_10e10o_FCIDUMP_local_seniority_NC_fci] orbital_rotation=full: N_free=45, N_sym=45
[fe2s2_10e10o_FCIDUMP_local_seniority_NC_fci] before optimization: 0.159980
[fe2s2_10e10o_FCIDUMP_local_seniority_NC_fci] optimize_fcidump: input_path=/workspace/hamiltonians/Fe2S2/fe2s2_10e10o_FCIDUMP, output_path=/workspace/hamiltonians/Fe2S2/seniority_oo/fe2s2_10e10o_FCIDUMP_local_seniority_NC_fci_attempt4_rotated_FCIDUMP, symmetry_op=<class 'list'>, reference_fn=<lambda>, cost=NC, method=L-BFGS-B, maxiter=100
[fe2s2_10e10o_FCIDUMP_local_seniority_NC_fci] NC before: 1.599804e-01
[fe2s2_10e10o_FCIDUMP_local_seniority_NC_fci] Fri, 24 Jul 2026 10:54:22 0.159980
[fe2s2_10e10o_FCIDUMP_local_seniority_NC_fci] Fri, 24 Jul 2026 10:55:24 0.159980
[fe2s2_10e10o_FCIDUMP_local_seniority_NC_fci] Fri, 24 Jul 2026 10:56:25 0.159980
[fe2s2_10e10o_FCIDUMP_local_seniority_NC_fci] Fri, 24 Jul 2026 10:57:27 0.159980
[fe2s2_10e10o_FCIDUMP_local_seniority_NC_fci] Fri, 24 Jul 2026 10:58:28 0.159980
[fe2s2_10e10o_FCIDUMP_local_seniority_NC_fci] Fri, 24 Jul 2026 10:59:30 0.159980
[fe2s2_10e10o_FCIDUMP_local_seniority_NC_fci] Fri, 24 Jul 2026 11:00:31 0.159979
[fe2s2_10e10o_FCIDUMP_local_seniority_NC_fci] Fri, 24 Jul 2026 11:01:33 0.159979
[fe2s2_10e10o_FCIDUMP_local_seniority_NC_fci] Fri, 24 Jul 2026 11:02:34 0.159979
[fe2s2_10e10o_FCIDUMP_local_seniority_NC_fci] Fri, 24 Jul 2026 11:03:35 0.159979
[fe2s2_10e10o_FCIDUMP_local_seniority_NC_fci] Fri, 24 Jul 2026 11:04:36 0.159979
[fe2s2_10e10o_FCIDUMP_local_seniority_NC_fci] Fri, 24 Jul 2026 11:05:38 0.159979
[fe2s2_10e10o_FCIDUMP_local_seniority_NC_fci] Fri, 24 Jul 2026 11:06:39 0.159979
[fe2s2_10e10o_FCIDUMP_local_seniority_NC_fci] Fri, 24 Jul 2026 11:07:40 0.159979
[fe2s2_10e10o_FCIDUMP_local_seniority_NC_fci] Fri, 24 Jul 2026 11:08:42 0.159978
[fe2s2_10e10o_FCIDUMP_local_seniority_NC_fci] Fri, 24 Jul 2026 11:10:44 0.159978
[fe2s2_10e10o_FCIDUMP_local_seniority_NC_fci] Fri, 24 Jul 2026 11:11:46 0.159978
[fe2s2_10e10o_FCIDUMP_local_seniority_NC_fci] Fri, 24 Jul 2026 11:12:48 0.159978
[fe2s2_10e10o_FCIDUMP_local_seniority_NC_fci] Fri, 24 Jul 2026 11:13:49 0.159978
[fe2s2_10e10o_FCIDUMP_local_seniority_NC_fci] Fri, 24 Jul 2026 11:14:50 0.159978
[fe2s2_10e10o_FCIDUMP_local_seniority_NC_fci] Fri, 24 Jul 2026 11:15:52 0.159978
[fe2s2_10e10o_FCIDUMP_local_seniority_NC_fci] Fri, 24 Jul 2026 11:16:53 0.159978
[fe2s2_10e10o_FCIDUMP_local_seniority_NC_fci] Fri, 24 Jul 2026 11:17:54 0.159978
[fe2s2_10e10o_FCIDUMP_local_seniority_NC_fci] Fri, 24 Jul 2026 11:18:56 0.159978
[fe2s2_10e10o_FCIDUMP_local_seniority_NC_fci] Fri, 24 Jul 2026 11:21:00 0.159978
[fe2s2_10e10o_FCIDUMP_local_seniority_NC_fci] Fri, 24 Jul 2026 11:22:02 0.159978
[fe2s2_10e10o_FCIDUMP_local_seniority_NC_fci] Fri, 24 Jul 2026 11:23:03 0.159978
[fe2s2_10e10o_FCIDUMP_local_seniority_NC_fci] Fri, 24 Jul 2026 11:25:06 0.159978
[fe2s2_10e10o_FCIDUMP_local_seniority_NC_fci] Fri, 24 Jul 2026 11:26:08 0.159978
[fe2s2_10e10o_FCIDUMP_local_seniority_NC_fci] Fri, 24 Jul 2026 11:27:09 0.159978
[fe2s2_10e10o_FCIDUMP_local_seniority_NC_fci] Fri, 24 Jul 2026 11:28:11 0.159977
[fe2s2_10e10o_FCIDUMP_local_seniority_NC_fci] Fri, 24 Jul 2026 11:29:12 0.159977
[fe2s2_10e10o_FCIDUMP_local_seniority_NC_fci] Fri, 24 Jul 2026 11:30:14 0.159977
[fe2s2_10e10o_FCIDUMP_local_seniority_NC_fci] Fri, 24 Jul 2026 11:31:15 0.159977
[fe2s2_10e10o_FCIDUMP_local_seniority_NC_fci] Fri, 24 Jul 2026 11:32:16 0.159977
[fe2s2_10e10o_FCIDUMP_local_seniority_NC_fci] Fri, 24 Jul 2026 11:33:18 0.159977
[fe2s2_10e10o_FCIDUMP_local_seniority_NC_fci] Fri, 24 Jul 2026 11:34:19 0.159977
[fe2s2_10e10o_FCIDUMP_local_seniority_NC_fci] Fri, 24 Jul 2026 11:35:20 0.159977
[fe2s2_10e10o_FCIDUMP_local_seniority_NC_fci] Fri, 24 Jul 2026 11:37:23 0.159977
[fe2s2_10e10o_FCIDUMP_local_seniority_NC_fci] Fri, 24 Jul 2026 11:38:24 0.159976
[fe2s2_10e10o_FCIDUMP_local_seniority_NC_fci] Fri, 24 Jul 2026 11:39:26 0.159976
[fe2s2_10e10o_FCIDUMP_local_seniority_NC_fci] Fri, 24 Jul 2026 11:40:27 0.159976
[fe2s2_10e10o_FCIDUMP_local_seniority_NC_fci] Fri, 24 Jul 2026 11:41:29 0.159976
[fe2s2_10e10o_FCIDUMP_local_seniority_NC_fci] Fri, 24 Jul 2026 11:42:30 0.159976
[fe2s2_10e10o_FCIDUMP_local_seniority_NC_fci] Fri, 24 Jul 2026 11:43:32 0.159976
[fe2s2_10e10o_FCIDUMP_local_seniority_NC_fci] Fri, 24 Jul 2026 11:44:33 0.159976
[fe2s2_10e10o_FCIDUMP_local_seniority_NC_fci] Fri, 24 Jul 2026 11:45:35 0.159976
[fe2s2_10e10o_FCIDUMP_local_seniority_NC_fci] Fri, 24 Jul 2026 11:46:36 0.159976
[fe2s2_10e10o_FCIDUMP_local_seniority_NC_fci] Fri, 24 Jul 2026 11:47:37 0.159976
[fe2s2_10e10o_FCIDUMP_local_seniority_NC_fci] Fri, 24 Jul 2026 11:48:39 0.159976
[fe2s2_10e10o_FCIDUMP_local_seniority_NC_fci] Fri, 24 Jul 2026 11:49:45 0.159976
[fe2s2_10e10o_FCIDUMP_local_seniority_NC_fci] Fri, 24 Jul 2026 11:50:48 0.159976
[fe2s2_10e10o_FCIDUMP_local_seniority_NC_fci] Fri, 24 Jul 2026 11:51:49 0.159976
[fe2s2_10e10o_FCIDUMP_local_seniority_NC_fci] Fri, 24 Jul 2026 11:52:50 0.159976
[fe2s2_10e10o_FCIDUMP_local_seniority_NC_fci] Fri, 24 Jul 2026 11:54:53 0.159976
[fe2s2_10e10o_FCIDUMP_local_seniority_NC_fci] Fri, 24 Jul 2026 11:55:55 0.159976
[fe2s2_10e10o_FCIDUMP_local_seniority_NC_fci] Fri, 24 Jul 2026 11:56:56 0.159976
[fe2s2_10e10o_FCIDUMP_local_seniority_NC_fci] Fri, 24 Jul 2026 11:57:57 0.159976
[fe2s2_10e10o_FCIDUMP_local_seniority_NC_fci] Fri, 24 Jul 2026 11:58:59 0.159976
[fe2s2_10e10o_FCIDUMP_local_seniority_NC_fci] Fri, 24 Jul 2026 12:00:01 0.159976
[fe2s2_10e10o_FCIDUMP_local_seniority_NC_fci] Fri, 24 Jul 2026 12:01:02 0.159976
[fe2s2_10e10o_FCIDUMP_local_seniority_NC_fci] Fri, 24 Jul 2026 12:02:04 0.159976
[fe2s2_10e10o_FCIDUMP_local_seniority_NC_fci] Fri, 24 Jul 2026 12:03:05 0.159976
[fe2s2_10e10o_FCIDUMP_local_seniority_NC_fci] Fri, 24 Jul 2026 12:04:07 0.159976
[fe2s2_10e10o_FCIDUMP_local_seniority_NC_fci] Fri, 24 Jul 2026 12:05:08 0.159976
[fe2s2_10e10o_FCIDUMP_local_seniority_NC_fci] Fri, 24 Jul 2026 12:06:10 0.159976
[fe2s2_10e10o_FCIDUMP_local_seniority_NC_fci] Fri, 24 Jul 2026 12:08:12 0.159976
[fe2s2_10e10o_FCIDUMP_local_seniority_NC_fci] Fri, 24 Jul 2026 12:09:14 0.159976
[fe2s2_10e10o_FCIDUMP_local_seniority_NC_fci] Fri, 24 Jul 2026 12:10:15 0.159976
[fe2s2_10e10o_FCIDUMP_local_seniority_NC_fci] Fri, 24 Jul 2026 12:11:16 0.159976
[fe2s2_10e10o_FCIDUMP_local_seniority_NC_fci] Fri, 24 Jul 2026 12:12:17 0.159976
[fe2s2_10e10o_FCIDUMP_local_seniority_NC_fci] Fri, 24 Jul 2026 12:13:19 0.159976
[fe2s2_10e10o_FCIDUMP_local_seniority_NC_fci] Fri, 24 Jul 2026 12:14:20 0.159976
[fe2s2_10e10o_FCIDUMP_local_seniority_NC_fci] Fri, 24 Jul 2026 12:16:24 0.159976
[fe2s2_10e10o_FCIDUMP_local_seniority_NC_fci] Fri, 24 Jul 2026 12:17:26 0.159976
[fe2s2_10e10o_FCIDUMP_local_seniority_NC_fci] Fri, 24 Jul 2026 12:18:27 0.159976
[fe2s2_10e10o_FCIDUMP_local_seniority_NC_fci] Fri, 24 Jul 2026 12:19:29 0.159975
[fe2s2_10e10o_FCIDUMP_local_seniority_NC_fci] Fri, 24 Jul 2026 12:20:31 0.159975
[fe2s2_10e10o_FCIDUMP_local_seniority_NC_fci] Fri, 24 Jul 2026 12:21:33 0.159975
[fe2s2_10e10o_FCIDUMP_local_seniority_NC_fci] Fri, 24 Jul 2026 12:22:34 0.159975
[fe2s2_10e10o_FCIDUMP_local_seniority_NC_fci] Fri, 24 Jul 2026 12:23:35 0.159975
[fe2s2_10e10o_FCIDUMP_local_seniority_NC_fci] Fri, 24 Jul 2026 12:24:37 0.159975
[fe2s2_10e10o_FCIDUMP_local_seniority_NC_fci] Fri, 24 Jul 2026 12:25:39 0.159975
[fe2s2_10e10o_FCIDUMP_local_seniority_NC_fci] Fri, 24 Jul 2026 12:26:41 0.159975
[fe2s2_10e10o_FCIDUMP_local_seniority_NC_fci] Fri, 24 Jul 2026 12:27:42 0.159975
[fe2s2_10e10o_FCIDUMP_local_seniority_NC_fci] Fri, 24 Jul 2026 12:28:44 0.159975
[fe2s2_10e10o_FCIDUMP_local_seniority_NC_fci] Fri, 24 Jul 2026 12:29:45 0.159975
[fe2s2_10e10o_FCIDUMP_local_seniority_NC_fci] Fri, 24 Jul 2026 12:30:47 0.159975
[fe2s2_10e10o_FCIDUMP_local_seniority_NC_fci] Fri, 24 Jul 2026 12:31:48 0.159975
[fe2s2_10e10o_FCIDUMP_local_seniority_NC_fci] Fri, 24 Jul 2026 12:32:50 0.159975
[fe2s2_10e10o_FCIDUMP_local_seniority_NC_fci] Fri, 24 Jul 2026 12:33:51 0.159975
[fe2s2_10e10o_FCIDUMP_local_seniority_NC_fci] Fri, 24 Jul 2026 12:34:52 0.159975
[fe2s2_10e10o_FCIDUMP_local_seniority_NC_fci] Fri, 24 Jul 2026 12:35:53 0.159975
[fe2s2_10e10o_FCIDUMP_local_seniority_NC_fci] Fri, 24 Jul 2026 12:36:55 0.159975
[fe2s2_10e10o_FCIDUMP_local_seniority_NC_fci] Fri, 24 Jul 2026 12:37:56 0.159975
[fe2s2_10e10o_FCIDUMP_local_seniority_NC_fci] Fri, 24 Jul 2026 12:38:57 0.159975
[fe2s2_10e10o_FCIDUMP_local_seniority_NC_fci] Fri, 24 Jul 2026 12:39:59 0.159975
[fe2s2_10e10o_FCIDUMP_local_seniority_NC_fci] Fri, 24 Jul 2026 12:41:00 0.159975
[fe2s2_10e10o_FCIDUMP_local_seniority_NC_fci] NC after:  1.599749e-01  (CONVERGENCE: RELATIVE REDUCTION OF F <= FACTR*EPSMCH)
[fe2s2_10e10o_FCIDUMP_local_seniority_NC_fci] CONVERGENCE: RELATIVE REDUCTION OF F <= FACTR*EPSMCH
[fe2s2_10e10o_FCIDUMP_local_seniority_NC_fci] optimized: 0.159975
[fe2s2_10e10o_FCIDUMP_local_seniority_NC_fci] cost_before=1.599804e-01  cost_after=1.599749e-01  nit=98  converged=True  message='CONVERGENCE: RELATIVE REDUCTION OF F <= FACTR*EPSMCH'

=== summary ===
fe2s2_10e10o_FCIDUMP_local_seniority_NC_fci: converged=True attempts=4 cost_before=1.599804e-01 cost_after=1.599749e-01 total_nit=98 fcidump=/workspace/hamiltonians/Fe2S2/seniority_oo/fe2s2_10e10o_FCIDUMP_local_seniority_NC_fci_attempt4_rotated_FCIDUMP orbenes=/workspace/hamiltonians/Fe2S2/seniority_oo/fe2s2_10e10o_FCIDUMP_local_seniority_NC_fci_attempt4_orbenes.npy

full summary written to /workspace/hamiltonians/Fe2S2/seniority_oo/summary.json
