=== fe2s2_10e10o_FCIDUMP_local_seniority_NC_dmrg_bd63_fixed_fd: attempt 1 (maxiter=3, x0=zeros) ===
[fe2s2_10e10o_FCIDUMP_local_seniority_NC_dmrg_bd63_fixed_fd] [workflow] reference=dmrg  (wavefunction / energy used as truth)
[fe2s2_10e10o_FCIDUMP_local_seniority_NC_dmrg_bd63_fixed_fd] [workflow] cost_engine=dmrg  (from --reference)
[fe2s2_10e10o_FCIDUMP_local_seniority_NC_dmrg_bd63_fixed_fd] [workflow] cost_function=NC
[fe2s2_10e10o_FCIDUMP_local_seniority_NC_dmrg_bd63_fixed_fd] [workflow] bond_dim=63
[fe2s2_10e10o_FCIDUMP_local_seniority_NC_dmrg_bd63_fixed_fd] [workflow] orbital_rotation=full
[fe2s2_10e10o_FCIDUMP_local_seniority_NC_dmrg_bd63_fixed_fd] orbital_rotation=full: N_free=45, N_sym=45
[fe2s2_10e10o_FCIDUMP_local_seniority_NC_dmrg_bd63_fixed_fd] DMRG reference energy: -116.516285
[fe2s2_10e10o_FCIDUMP_local_seniority_NC_dmrg_bd63_fixed_fd] wavefunction store: /root/dmrg_wavefunctions/fe2s2_10e10o_FCIDUMP_bd63
[fe2s2_10e10o_FCIDUMP_local_seniority_NC_dmrg_bd63_fixed_fd] before optimization: 0.172395
[fe2s2_10e10o_FCIDUMP_local_seniority_NC_dmrg_bd63_fixed_fd] Sun, 02 Aug 2026 08:34:39 0.172389
[fe2s2_10e10o_FCIDUMP_local_seniority_NC_dmrg_bd63_fixed_fd] Sun, 02 Aug 2026 09:18:36 0.172388
[fe2s2_10e10o_FCIDUMP_local_seniority_NC_dmrg_bd63_fixed_fd] Sun, 02 Aug 2026 10:23:15 0.172379
[fe2s2_10e10o_FCIDUMP_local_seniority_NC_dmrg_bd63_fixed_fd] STOP: TOTAL NO. OF ITERATIONS REACHED LIMIT
[fe2s2_10e10o_FCIDUMP_local_seniority_NC_dmrg_bd63_fixed_fd] optimized: 0.172379
[fe2s2_10e10o_FCIDUMP_local_seniority_NC_dmrg_bd63_fixed_fd] results written to hamiltonians/Fe2S2/seniority_oo/dmrg_bdscan_63_fixed/fe2s2_10e10o_FCIDUMP_local_seniority_NC_dmrg_bd63_fixed_fd_attempt1_result.json
[fe2s2_10e10o_FCIDUMP_local_seniority_NC_dmrg_bd63_fixed_fd] cost_before=1.723945e-01  cost_after=1.723791e-01  nit=3  converged=False  message='STOP: TOTAL NO. OF ITERATIONS REACHED LIMIT'

=== summary ===
fe2s2_10e10o_FCIDUMP_local_seniority_NC_dmrg_bd63_fixed_fd: converged=False attempts=1 cost_before=1.723945e-01 cost_after=1.723791e-01 total_nit=3 fcidump=hamiltonians/Fe2S2/seniority_oo/dmrg_bdscan_63_fixed/fe2s2_10e10o_FCIDUMP_local_seniority_NC_dmrg_bd63_fixed_fd_attempt1_rotated_FCIDUMP

full summary written to hamiltonians/Fe2S2/seniority_oo/dmrg_bdscan_63_fixed/summary.json
