=== fe2s2_10e10o_FCIDUMP_local_seniority_NC_dmrg_bd20_fixed_fd: attempt 1 (maxiter=3, x0=zeros) ===
[workflow] reference=dmrg  (wavefunction / energy used as truth)
[workflow] cost_engine=dmrg  (from --reference)
[workflow] cost_function=NC
[workflow] bond_dim=20
[workflow] orbital_rotation=full
orbital_rotation=full: N_free=45, N_sym=45
DMRG reference energy: -116.514650
wavefunction store: /root/dmrg_wavefunctions/fe2s2_10e10o_FCIDUMP_bd20
before optimization: 0.163147
Mon, 03 Aug 2026 20:06:55 0.163061
Mon, 03 Aug 2026 21:10:44 0.163052
Tue, 04 Aug 2026 02:48:24 0.163049
STOP: TOTAL NO. OF ITERATIONS REACHED LIMIT
optimized: 0.163049
results written to hamiltonians/Fe2S2/seniority_oo/dmrg_bdscan_20_fixed/fe2s2_10e10o_FCIDUMP_local_seniority_NC_dmrg_bd20_fixed_fd_attempt1_result.json
[fe2s2_10e10o_FCIDUMP_local_seniority_NC_dmrg_bd20_fixed_fd] cost_before=1.631469e-01  cost_after=1.630490e-01  nit=3  converged=False  message='STOP: TOTAL NO. OF ITERATIONS REACHED LIMIT'

=== summary ===
fe2s2_10e10o_FCIDUMP_local_seniority_NC_dmrg_bd20_fixed_fd: converged=False attempts=1 cost_before=1.631469e-01 cost_after=1.630490e-01 total_nit=3 fcidump=hamiltonians/Fe2S2/seniority_oo/dmrg_bdscan_20_fixed/fe2s2_10e10o_FCIDUMP_local_seniority_NC_dmrg_bd20_fixed_fd_attempt1_rotated_FCIDUMP

full summary written to hamiltonians/Fe2S2/seniority_oo/dmrg_bdscan_20_fixed/summary.json
