=== fe2s2_10e10o_FCIDUMP_local_seniority_NC_dmrg_bd250_fd: attempt 1 (maxiter=3, x0=zeros) ===
[fe2s2_10e10o_FCIDUMP_local_seniority_NC_dmrg_bd250_fd] [workflow] reference=dmrg  (wavefunction / energy used as truth)
[fe2s2_10e10o_FCIDUMP_local_seniority_NC_dmrg_bd250_fd] [workflow] cost_engine=dmrg  (from --reference)
[fe2s2_10e10o_FCIDUMP_local_seniority_NC_dmrg_bd250_fd] [workflow] cost_function=NC
[fe2s2_10e10o_FCIDUMP_local_seniority_NC_dmrg_bd250_fd] [workflow] bond_dim=250
[fe2s2_10e10o_FCIDUMP_local_seniority_NC_dmrg_bd250_fd] [workflow] orbital_rotation=full
[fe2s2_10e10o_FCIDUMP_local_seniority_NC_dmrg_bd250_fd] orbital_rotation=full: N_free=45, N_sym=45
[fe2s2_10e10o_FCIDUMP_local_seniority_NC_dmrg_bd250_fd] DMRG reference energy: -116.517155
[fe2s2_10e10o_FCIDUMP_local_seniority_NC_dmrg_bd250_fd] wavefunction store: /root/dmrg_wavefunctions/fe2s2_10e10o_FCIDUMP_bd250
[fe2s2_10e10o_FCIDUMP_local_seniority_NC_dmrg_bd250_fd] before optimization: 0.177352
[fe2s2_10e10o_FCIDUMP_local_seniority_NC_dmrg_bd250_fd] Sat, 01 Aug 2026 08:06:43 0.177205
[fe2s2_10e10o_FCIDUMP_local_seniority_NC_dmrg_bd250_fd] Sat, 01 Aug 2026 09:09:33 0.177180
[fe2s2_10e10o_FCIDUMP_local_seniority_NC_dmrg_bd250_fd] Sat, 01 Aug 2026 10:11:03 0.177166
[fe2s2_10e10o_FCIDUMP_local_seniority_NC_dmrg_bd250_fd] STOP: TOTAL NO. OF ITERATIONS REACHED LIMIT
[fe2s2_10e10o_FCIDUMP_local_seniority_NC_dmrg_bd250_fd] optimized: 0.177166
[fe2s2_10e10o_FCIDUMP_local_seniority_NC_dmrg_bd250_fd] results written to hamiltonians/Fe2S2/seniority_oo/dmrg_bdscan_250/fe2s2_10e10o_FCIDUMP_local_seniority_NC_dmrg_bd250_fd_attempt1_result.json
[fe2s2_10e10o_FCIDUMP_local_seniority_NC_dmrg_bd250_fd] cost_before=1.773519e-01  cost_after=1.771660e-01  nit=3  converged=False  message='STOP: TOTAL NO. OF ITERATIONS REACHED LIMIT'

=== summary ===
fe2s2_10e10o_FCIDUMP_local_seniority_NC_dmrg_bd250_fd: converged=False attempts=1 cost_before=1.773519e-01 cost_after=1.771660e-01 total_nit=3 fcidump=hamiltonians/Fe2S2/seniority_oo/dmrg_bdscan_250/fe2s2_10e10o_FCIDUMP_local_seniority_NC_dmrg_bd250_fd_attempt1_rotated_FCIDUMP

full summary written to hamiltonians/Fe2S2/seniority_oo/dmrg_bdscan_250/summary.json
