=== fe2s2_10e10o_FCIDUMP_local_seniority_NC_dmrg_bd125_fd: attempt 1 (maxiter=3, x0=zeros) ===
[fe2s2_10e10o_FCIDUMP_local_seniority_NC_dmrg_bd125_fd] [workflow] reference=dmrg  (wavefunction / energy used as truth)
[fe2s2_10e10o_FCIDUMP_local_seniority_NC_dmrg_bd125_fd] [workflow] cost_engine=dmrg  (from --reference)
[fe2s2_10e10o_FCIDUMP_local_seniority_NC_dmrg_bd125_fd] [workflow] cost_function=NC
[fe2s2_10e10o_FCIDUMP_local_seniority_NC_dmrg_bd125_fd] [workflow] bond_dim=125
[fe2s2_10e10o_FCIDUMP_local_seniority_NC_dmrg_bd125_fd] [workflow] orbital_rotation=full
[fe2s2_10e10o_FCIDUMP_local_seniority_NC_dmrg_bd125_fd] orbital_rotation=full: N_free=45, N_sym=45
[fe2s2_10e10o_FCIDUMP_local_seniority_NC_dmrg_bd125_fd] DMRG reference energy: -116.516959
[fe2s2_10e10o_FCIDUMP_local_seniority_NC_dmrg_bd125_fd] wavefunction store: /root/dmrg_wavefunctions/fe2s2_10e10o_FCIDUMP_bd125
[fe2s2_10e10o_FCIDUMP_local_seniority_NC_dmrg_bd125_fd] before optimization: 0.177194
[fe2s2_10e10o_FCIDUMP_local_seniority_NC_dmrg_bd125_fd] Sat, 01 Aug 2026 16:06:21 0.177193
[fe2s2_10e10o_FCIDUMP_local_seniority_NC_dmrg_bd125_fd] Sat, 01 Aug 2026 17:02:31 0.177193
[fe2s2_10e10o_FCIDUMP_local_seniority_NC_dmrg_bd125_fd] Sat, 01 Aug 2026 18:00:18 0.177192
[fe2s2_10e10o_FCIDUMP_local_seniority_NC_dmrg_bd125_fd] STOP: TOTAL NO. OF ITERATIONS REACHED LIMIT
[fe2s2_10e10o_FCIDUMP_local_seniority_NC_dmrg_bd125_fd] optimized: 0.177192
[fe2s2_10e10o_FCIDUMP_local_seniority_NC_dmrg_bd125_fd] results written to hamiltonians/Fe2S2/seniority_oo/dmrg_bdscan_125/fe2s2_10e10o_FCIDUMP_local_seniority_NC_dmrg_bd125_fd_attempt1_result.json
[fe2s2_10e10o_FCIDUMP_local_seniority_NC_dmrg_bd125_fd] cost_before=1.771940e-01  cost_after=1.771922e-01  nit=3  converged=False  message='STOP: TOTAL NO. OF ITERATIONS REACHED LIMIT'

=== summary ===
fe2s2_10e10o_FCIDUMP_local_seniority_NC_dmrg_bd125_fd: converged=False attempts=1 cost_before=1.771940e-01 cost_after=1.771922e-01 total_nit=3 fcidump=hamiltonians/Fe2S2/seniority_oo/dmrg_bdscan_125/fe2s2_10e10o_FCIDUMP_local_seniority_NC_dmrg_bd125_fd_attempt1_rotated_FCIDUMP

full summary written to hamiltonians/Fe2S2/seniority_oo/dmrg_bdscan_125/summary.json
